// Vitest Snapshot v1, https://vitest.dev/guide/snapshot.html

exports[`runDepcruise > execute depcruise command(--focus) 1`] = `
"flowchart LR

subgraph 0["test"]
subgraph 1["runDepcruise"]
subgraph 2["sample"]
subgraph 3["__mocks__"]
subgraph 4["test"]
subgraph 5["fixtures"]
subgraph 6["cjs"]
7["one_only_two.js"]
8["root_one.js"]
9["shared.js"]
subgraph A["sub"]
B["dir.js"]
end
C["root_two.js"]
D["somedata.json"]
E["two_only_one.js"]
end
end
end
end
end
end
end
8-->7
8-->9
8-->B
C-->9
C-->D
C-->E
E-->B

style 8 fill:lime,color:black
style C fill:lime,color:black"
`;

exports[`runDepcruise > execute depcruise command(--reaches) 1`] = `
"flowchart LR

subgraph 0["test"]
subgraph 1["runDepcruise"]
subgraph 2["sample"]
subgraph 3["__mocks__"]
subgraph 4["test"]
subgraph 5["fixtures"]
subgraph 6["cjs"]
7["root_one.js"]
8["root_two.js"]
end
end
end
end
end
end
end


style 7 fill:lime,color:black
style 8 fill:lime,color:black"
`;
